# empty: a go.mod with no dependencies answers [] before the store or the proxy is opened.
$ kanonarion audit --gomod $PROJECT/go.mod --json
exit 0
--- stdout ---
{
  "dependency_scope": {
    "scope": "code",
    "test_scope": "included"
  },
  "module_count": 0,
  "walk": {
    "resolved": false,
    "id": "",
    "reused": false,
    "completed_at": ""
  },
  "scan": {
    "answered": false,
    "run_id": "",
    "reused": false,
    "snapshot": {
      "source": "",
      "version": ""
    }
  },
  "reachability_basis": {
    "answers": 0,
    "source_read_by_this_run": false
  },
  "toolchain": {
    "judged": false,
    "status": "unjudged",
    "version": "",
    "snapshot": {
      "source": "",
      "version": ""
    },
    "reason": "no dependency was audited, so this run took no walk and judged no toolchain",
    "advisories_judged": 0,
    "covering": [],
    "withdrawn_covering": [],
    "statement": "toolchain:\n  (unrecorded) was not judged against the advisory database's toolchain key: no dependency was audited, so this run took no walk and judged no toolchain"
  },
  "staleness": {
    "measured": false,
    "as_of": "",
    "age": "",
    "ttl": "",
    "refresh_with": ""
  },
  "modules": []
}
--- stderr ---
notice: code scope resolved 0 module(s); test-scope dependencies included
