# error-shaped: the named go.mod does not exist.
$ kanonarion audit --gomod $PROJECT/absent/go.mod --json
exit 20
--- error ---
execute root command: resolving code scope: go list -deps -test -f {{if and .Module (not .Standard)}}{{with .Module}}{{if .Replace}}{{if .Replace.Version}}{{.Replace.Path}}@{{.Replace.Version}}{{end}}	{{if .Version}}{{.Path}}@{{.Version}}{{end}}	{{if not .Replace.Version}}{{.Replace.Path}}{{end}}{{else}}{{if .Version}}{{.Path}}@{{.Version}}{{end}}		{{end}}{{end}}{{end}} ./...: chdir $PROJECT/absent: no such file or directory
--- stdout ---
(empty)
--- stderr ---
(empty)
