# populated, --json: the COMPOSED answer, carrying completeness and analysis_source unconditionally — an absent value is itself the answer and has to be visible as one.
$ kanonarion callgraph-show example.com/mod@v1.2.0 --json
exit 0
--- stdout ---
{
  "schema_version": "13",
  "coordinate": {
    "path": "example.com/mod",
    "version": "v1.2.0"
  },
  "algorithm": "CHA",
  "completeness": "BUILT_WITH_BODIES",
  "analysis_source": "zip",
  "artifact_kind": "Application",
  "toolchain": "not recorded",
  "toolchain_stated": null,
  "nodes": [
    {
      "id": "example.com/mod.Handle",
      "module": "example.com/mod",
      "package": "example.com/mod",
      "symbol": "Handle",
      "is_external": false,
      "is_exported_api": true,
      "is_test": false,
      "role": "api"
    },
    {
      "id": "example.com/mod.Parse",
      "module": "example.com/mod",
      "package": "example.com/mod",
      "symbol": "Parse",
      "is_external": false,
      "is_exported_api": true,
      "is_test": false,
      "role": "api"
    },
    {
      "id": "example.com/mod.parseInternal",
      "module": "example.com/mod",
      "package": "example.com/mod",
      "symbol": "parseInternal",
      "is_external": false,
      "is_exported_api": false,
      "is_test": false,
      "role": "internal"
    },
    {
      "id": "example.com/mod.test.main",
      "module": "example.com/mod",
      "package": "example.com/mod.test",
      "symbol": "main",
      "is_external": false,
      "is_exported_api": false,
      "is_test": false,
      "role": "internal"
    },
    {
      "id": "example.com/mod/cmd/tool.main",
      "module": "example.com/mod",
      "package": "example.com/mod/cmd/tool",
      "symbol": "main",
      "is_external": false,
      "is_exported_api": false,
      "is_test": false,
      "role": "internal"
    }
  ],
  "edges": [
    {
      "from_id": "example.com/mod.Handle",
      "to_id": "example.com/mod.Parse",
      "confidence": "Direct",
      "kind": "Call"
    }
  ],
  "overall_status": "Extracted",
  "node_count": 5,
  "edge_count": 1,
  "extracted_at": "2026-01-15T08:00:00Z",
  "pipeline_version": "0.6.0",
  "content_hash": "sha256:0e502b6898b741bfbc2ff5612c4b41e880a9fda9f3a94f4afc432e391dfccca9",
  "test_scope": "Analysed",
  "test_node_count": 0,
  "reference_scope": "Analysed",
  "reference_edge_count": 0,
  "interface_count": 0,
  "implementation_count": 0,
  "analyser": {
    "module": "golang.org/x/tools",
    "version": "",
    "provenance": "",
    "inferred": false
  }
}
--- stderr ---
(empty)
