# populated, text: the same document on the human channel.
$ kanonarion context example.com/mod@v1.2.0
exit 0
--- stdout ---
example.com/mod@v1.2.0
  Verification:    (failed: divergent fetch records for example.com/mod@v1.2.0 at pipeline 0.4.0: module_hash disagrees ([h1:3IvVk0RhFj+2ByrMSiZ8R9Zi8RQYOGgRkIQ2mO6rqo4= h1:e3OmvJfFGN8zHyBHMYyERM362zguHcEOgGGgZ+9xR6A=]; records [sha256:af365cbf30d10328234c3a8c0f404b42b661b628fa0b353e434d475f7506a36e sha256:4e652a1b1d152e3eb8619e6cbace8c69025861d780d422cc0e929f271490d6f0]) — two measurements describe different artefacts; recover with --force, which appends an authoritative measurement and erases nothing)
  Provenance:      no fork indicators (name-path heuristic, catalogue 1.0.0)
  Dependencies:    1 direct (succeeded) [walk 01ARZ3NDEKTSV4RRFFQ69G5FAV, frame target-rooted:example.com/app@v1.0.0]
  License:         MIT
  Interface:       (not run — run: kanonarion interface-show example.com/mod@v1.2.0)
  Call Graph:      2 nodes, 1 edges (Extracted)
  Examples:        (not run — run: kanonarion examples-find <symbol> | kanonarion examples-show example.com/mod@v1.2.0 <name>)
  Vulnerabilities: Affected (1 finding(s), 1 retracted)
  Walk basis:      01ARZ3NDEKTSV4RRFFQ69G5FAV (frame target-rooted:example.com/app@v1.0.0)
  Snapshot:        v2026-02-14T00-00-00 (pipeline v25)

Context size: ~982 tokens (3931 bytes) of JSON for this module  (use --full for complete docs, --json for machine-readable)
--- stderr ---
(empty)
