# the same state on the channel that DID have it wrong: "dependents": [] reads as a confirmed negative, so root_scope states what the search left out and the flag that puts it back.
$ kanonarion dependents example.com/mod@v1.2.0 --walk-id 01ARZ3NDEKTSV4RRFFQ69G5FAV --json
exit 0
--- stdout ---
{
  "walk_id": "01ARZ3NDEKTSV4RRFFQ69G5FAV",
  "walk_frame": "not-platform-scoped",
  "walk_frame_basis": "not_platform_scoped",
  "walk_selection": {
    "rule": "pinned",
    "root": "example.com/app@v1.0.0",
    "self_rooted_passed_over": 0
  },
  "target": "example.com/mod@v1.2.0",
  "dependents": [],
  "root_scope": {
    "root": "example.com/app@v1.0.0",
    "excluded": true,
    "depends_on_target": true,
    "include_flag": "--include-root"
  }
}
--- stderr ---
(empty)
