# empty: a go.mod with no dependencies answers [] rather than prose or nothing.
$ kanonarion latest --gomod $PROJECT/go.mod --json
exit 0
--- stdout ---
{
  "dependency_scope": {
    "scope": "code",
    "test_scope": "included"
  },
  "module_count": 0,
  "narrow_with": "--exclude-tests",
  "modules": []
}
--- stderr ---
notice: code scope resolved 0 module(s); test-scope dependencies included (narrow with --exclude-tests)
