# populated: a module with a publication date, served from the staleness ledger.
$ kanonarion latest example.com/mod --json
exit 0
--- stdout ---
{
  "module": "example.com/mod",
  "latest": "v1.3.0",
  "latest_date": "2025-06-01T00:00:00Z",
  "latest_release_age_days": 273,
  "is_latest": null,
  "pin_ahead_of_latest": null,
  "staleness_unmeasured": "not_asked",
  "major_probed": true,
  "republished_probed": false,
  "deprecated": null,
  "looked_up_at": "2026-02-28T23:50:00Z",
  "served_from_store": true
}
--- stderr ---
(empty)
