# populated: a stored, reachable verdict with a versioned route, a fidelity and a rooting.
$ kanonarion reachability example.com/mod@v1.2.0 --vuln GO-2026-0001 --json
exit 0
--- stdout ---
{
  "module": "example.com/mod",
  "version": "v1.2.0",
  "vuln_id": "GO-2026-0001",
  "aliases": [
    "CVE-2026-00001"
  ],
  "summary": "example vulnerability in example.com/mod",
  "verdict": "reachable",
  "confidence": "High",
  "method": "govulncheck",
  "fidelity": "source",
  "rooting": "target-rooted",
  "soundness": "not stated",
  "routes": [
    {
      "versioned": true,
      "frames": [
        {
          "module": "example.com/app",
          "package": "example.com/app",
          "symbol": "main"
        },
        {
          "module": "example.com/mod",
          "version": "v1.2.0",
          "package": "example.com/mod",
          "symbol": "Handle"
        },
        {
          "module": "example.com/mod",
          "version": "v1.2.0",
          "package": "example.com/mod",
          "symbol": "Parse"
        }
      ],
      "root": {
        "kind": "unrooted",
        "reason": "the route's entry point is in example.com/app, which names no version on the frame and is not the module the analysis frame identifies, so no call graph can be located for it",
        "closure_rooted": false
      }
    }
  ],
  "route_root": {
    "kind": "unrooted",
    "reason": "the route's entry point is in example.com/app, which names no version on the frame and is not the module the analysis frame identifies, so no call graph can be located for it",
    "closure_rooted": false
  },
  "scanned_at": "2026-02-20T09:00:00Z"
}
--- stderr ---
(empty)
