# 
$ kanonarion reachability example.com/mod@v1.2.0 --vuln GO-2026-0004 --json
exit 0
--- stdout ---
{
  "module": "example.com/mod",
  "version": "v1.2.0",
  "vuln_id": "GO-2026-0004",
  "aliases": [
    "CVE-2026-00004"
  ],
  "summary": "advisory naming a symbol this build does not hold",
  "reachability_state": "not_reachable",
  "confidence": "High",
  "method": "govulncheck",
  "fidelity": "source",
  "rooting": "target-rooted",
  "soundness": "inferred",
  "soundness_reason": "govulncheck analysed this build from source and reported no route to the vulnerable symbol; the negative reads that silence, not a search over a call graph that ran and came back empty. No call-graph search stands behind this rung: the stored call graph for example.com/mod@v1.2.0 holds none of the symbols the advisory names (neverDeclared), so there was nothing in it to search for",
  "negative_search": {
    "not_searched": "the stored call graph for example.com/mod@v1.2.0 holds none of the symbols the advisory names (neverDeclared), so there was nothing in it to search for",
    "artifact_kind": "Application",
    "fidelity": "BUILT_WITH_BODIES",
    "entry_point_roots": 0,
    "entry_point_path_found": false,
    "whole_graph_path_found": false,
    "in_recorded_frame": false
  },
  "scanned_at": "2026-02-20T09:00:00Z"
}
--- stderr ---
(empty)
