# ERROR-SHAPED, and the shape a release pipeline branches on: one component carries no licence identity. The document IS written — exit 1 with the whole inventory on stdout — and the refusal names the component and the command that supplies the record it lacks. The exit code is in this golden, so a change that turned the gap into a silent zero would move it.
$ kanonarion sbom 01ARZ3NDEKTSV4RRFFQ69G5FB2
exit 1
--- error ---
execute root command: sbom generated with undetermined licences: 1 component(s) with no licence identity: example.com/unlicensed@v1.0.0 — run 'kanonarion license example.com/unlicensed@v1.0.0'
--- stdout ---
{
  "$schema": "http://cyclonedx.org/schema/bom-1.6.schema.json",
  "annotations": [
    {
      "annotator": {
        "component": {
          "name": "kanonarion",
          "type": "application",
          "version": "0.10.0"
        }
      },
      "bom-ref": "kanonarion:licence-completeness",
      "subjects": [
        "pkg:golang/example.com/unlicensed@v1.0.0"
      ],
      "text": "Licence completeness of this document: 1 of the 4 component(s) inventoried here carry no licence identity, and are named as this annotation's subjects. A component with no licences block is one whose licence kanonarion could not determine — no licence file was found for it, or the files that were found match no known SPDX licence text. It is not a statement that the component is unlicensed, and it must not be read as permission to use it: pkg:golang/example.com/unlicensed@v1.0.0;",
      "timestamp": "2026-02-03T11:30:00Z"
    }
  ],
  "bomFormat": "CycloneDX",
  "components": [
    {
      "bom-ref": "pkg:golang/example.com/cgolib@v0.4.2",
      "copyright": "Copyright (c) 2026, Example Cgolib Authors",
      "hashes": [
        {
          "alg": "SHA-256",
          "content": "bd0adab7678f0b0e2cf40e689a6c31dc448ff668e23c442b7b894c692f7e1296"
        },
        {
          "alg": "SHA-384",
          "content": "3634710c5cfa6bf8dbe31f1ea8f85a6db78f89041ce295ab9dadf4e0c6e04d8073259c051f23a58e0afc425a3ff7838a"
        },
        {
          "alg": "SHA-512",
          "content": "fec374e9d3be7ab0081492307298999e213030c5e81c676347905d638b9618179b77ab68080bce1b4879dc2a2af0697c8527ceeb415e8586b7ede86e21f131d4"
        }
      ],
      "licenses": [
        {
          "license": {
            "id": "BSD-3-Clause"
          }
        }
      ],
      "name": "example.com/cgolib",
      "properties": [
        {
          "name": "kanonarion:ecosystem",
          "value": "go"
        },
        {
          "name": "kanonarion:pipeline_version",
          "value": "0.10.0"
        }
      ],
      "purl": "pkg:golang/example.com/cgolib@v0.4.2",
      "type": "library",
      "version": "v0.4.2"
    },
    {
      "bom-ref": "pkg:golang/example.com/plainlib@v1.1.0",
      "copyright": "Copyright 2026 Example Plainlib Authors",
      "externalReferences": [
        {
          "comment": "the module zip was cross-verified against refs/tags/v1.1.0 at commit 0f1e2d3c4b5a69788796a5b4c3d2e1f00f1e2d3c",
          "type": "vcs",
          "url": "https://example.com/plainlib"
        }
      ],
      "hashes": [
        {
          "alg": "SHA-256",
          "content": "aa2d5278e487aa6e2e7c1568675ac955038d8f1955b962e647e2d1b800e1b697"
        },
        {
          "alg": "SHA-384",
          "content": "98b7e20a6eed530f58a390ddefed1b16dda08e3807d58a834b75f5a31a5218c9a3b0d96505fe04dcdcac88c836329084"
        },
        {
          "alg": "SHA-512",
          "content": "da56e30368e64f2d2104c43d7859e6ba9a8e2403e0bca18b5afaf0425d91c41a32377d33d650c5e041c53fc24ed595de62a6ef61196c4e9e068050d7845f734a"
        }
      ],
      "licenses": [
        {
          "license": {
            "id": "Apache-2.0"
          }
        }
      ],
      "name": "example.com/plainlib",
      "properties": [
        {
          "name": "kanonarion:ecosystem",
          "value": "go"
        },
        {
          "name": "kanonarion:pipeline_version",
          "value": "0.10.0"
        }
      ],
      "purl": "pkg:golang/example.com/plainlib@v1.1.0",
      "type": "library",
      "version": "v1.1.0"
    },
    {
      "bom-ref": "pkg:golang/example.com/product@v1.4.0",
      "copyright": "Copyright (c) 2026 Example Product Authors",
      "hashes": [
        {
          "alg": "SHA-256",
          "content": "f145d3194239785a34da841a73adbec9d9a844dab8f460678d6b64f6267cc597"
        },
        {
          "alg": "SHA-384",
          "content": "40bef2156786309b53a20c0c7f7e5f2ce3d50e54df5243a55d5bb9ddcf5e0c73c9cc485ff80bbf8c3002c0cb7d15e84c"
        },
        {
          "alg": "SHA-512",
          "content": "fd9714d7ada916d3977748cfb75cd2ef549e47aee831d6fc3e9e1766c8320b8117d2e96ba72fb35ee17df3382ffa4b7066250233fe94476e6fb9f8eb1e5170f9"
        }
      ],
      "licenses": [
        {
          "license": {
            "id": "MIT"
          }
        }
      ],
      "name": "example.com/product",
      "properties": [
        {
          "name": "kanonarion:ecosystem",
          "value": "go"
        },
        {
          "name": "kanonarion:pipeline_version",
          "value": "0.10.0"
        }
      ],
      "purl": "pkg:golang/example.com/product@v1.4.0",
      "type": "library",
      "version": "v1.4.0"
    },
    {
      "bom-ref": "pkg:golang/example.com/unlicensed@v1.0.0",
      "name": "example.com/unlicensed",
      "properties": [
        {
          "name": "kanonarion:ecosystem",
          "value": "go"
        },
        {
          "name": "kanonarion:pipeline_version",
          "value": "0.10.0"
        }
      ],
      "purl": "pkg:golang/example.com/unlicensed@v1.0.0",
      "type": "library",
      "version": "v1.0.0"
    },
    {
      "bom-ref": "pkg:generic/sqlite@3.45.1",
      "description": "Native library compiled into the binary from source shipped inside the published zip of Go module example.com/cgolib@v0.4.2. Not a Go module and not fetched from any registry: its version was read verbatim from a declaration in that source. Its advisories were not searched.",
      "evidence": {
        "identity": [
          {
            "concludedValue": "3.45.1",
            "confidence": 1,
            "field": "version",
            "methods": [
              {
                "confidence": 1,
                "technique": "source-code-analysis",
                "value": "#define SQLITE_VERSION        \"3.45.1\""
              }
            ]
          }
        ],
        "occurrences": [
          {
            "additionalContext": "#define SQLITE_VERSION        \"3.45.1\"",
            "location": "example.com/cgolib@v0.4.2:sqlite3-binding.c"
          }
        ]
      },
      "name": "SQLite",
      "properties": [
        {
          "name": "kanonarion:ecosystem",
          "value": "native"
        },
        {
          "name": "kanonarion:pipeline_version",
          "value": "0.10.0"
        },
        {
          "name": "kanonarion:component:native",
          "value": "true"
        },
        {
          "name": "kanonarion:native:host_module",
          "value": "example.com/cgolib@v0.4.2"
        },
        {
          "name": "kanonarion:native:host_artefact",
          "value": "zip:h1:5AEBzJNMZ8lwvRAbBIkz3xjCCw3wlSXyoVW/8hI9+1k="
        },
        {
          "name": "kanonarion:native:confidence",
          "value": "declared"
        },
        {
          "name": "kanonarion:native:generation",
          "value": "0.3.0+recipes.1"
        },
        {
          "name": "kanonarion:native:advisories_searched",
          "value": "false"
        },
        {
          "name": "kanonarion:native:licence_determined",
          "value": "false"
        }
      ],
      "purl": "pkg:generic/sqlite@3.45.1",
      "type": "library",
      "version": "3.45.1"
    }
  ],
  "dependencies": [
    {
      "ref": "pkg:generic/sqlite@3.45.1"
    },
    {
      "dependsOn": [
        "pkg:generic/sqlite@3.45.1"
      ],
      "ref": "pkg:golang/example.com/cgolib@v0.4.2"
    },
    {
      "ref": "pkg:golang/example.com/plainlib@v1.1.0"
    },
    {
      "dependsOn": [
        "pkg:golang/example.com/cgolib@v0.4.2",
        "pkg:golang/example.com/plainlib@v1.1.0",
        "pkg:golang/example.com/unlicensed@v1.0.0"
      ],
      "ref": "pkg:golang/example.com/product@v1.4.0"
    },
    {
      "ref": "pkg:golang/example.com/unlicensed@v1.0.0"
    }
  ],
  "metadata": {
    "component": {
      "bom-ref": "pkg:golang/example.com/product@v1.4.0",
      "copyright": "Copyright (c) 2026 Example Product Authors",
      "licenses": [
        {
          "license": {
            "id": "MIT"
          }
        }
      ],
      "name": "example.com/product",
      "properties": [
        {
          "name": "kanonarion:ecosystem",
          "value": "go"
        },
        {
          "name": "kanonarion:pipeline_version",
          "value": "0.10.0"
        }
      ],
      "purl": "pkg:golang/example.com/product@v1.4.0",
      "type": "library",
      "version": "v1.4.0"
    },
    "properties": [
      {
        "name": "kanonarion:document:timestamp_basis",
        "value": "derived: newest licence extraction time among this document's inputs; no creation time was supplied, and this generator reads no clock"
      },
      {
        "name": "kanonarion:licence:newest_extraction",
        "value": "2026-02-03T11:30:00Z"
      }
    ],
    "timestamp": "2026-02-03T11:30:00Z",
    "tools": {
      "components": [
        {
          "name": "kanonarion",
          "type": "application",
          "version": "0.10.0"
        }
      ]
    }
  },
  "serialNumber": "urn:uuid:3b13ceee-0cec-145f-7a54-48a0db7e0200",
  "specVersion": "1.6",
  "version": 1
}
--- stderr ---
(empty)
