# THE ZERO: a walk that brought nothing in. The document still names its subject and says so in one component rather than answering with an empty list or nothing at all.
$ kanonarion sbom 01ARZ3NDEKTSV4RRFFQ69G5FB3
exit 0
--- stdout ---
{
  "$schema": "http://cyclonedx.org/schema/bom-1.6.schema.json",
  "bomFormat": "CycloneDX",
  "components": [
    {
      "bom-ref": "pkg:golang/example.com/product@v1.4.0",
      "copyright": "Copyright (c) 2026 Example Product Authors",
      "hashes": [
        {
          "alg": "SHA-256",
          "content": "f145d3194239785a34da841a73adbec9d9a844dab8f460678d6b64f6267cc597"
        },
        {
          "alg": "SHA-384",
          "content": "40bef2156786309b53a20c0c7f7e5f2ce3d50e54df5243a55d5bb9ddcf5e0c73c9cc485ff80bbf8c3002c0cb7d15e84c"
        },
        {
          "alg": "SHA-512",
          "content": "fd9714d7ada916d3977748cfb75cd2ef549e47aee831d6fc3e9e1766c8320b8117d2e96ba72fb35ee17df3382ffa4b7066250233fe94476e6fb9f8eb1e5170f9"
        }
      ],
      "licenses": [
        {
          "license": {
            "id": "MIT"
          }
        }
      ],
      "name": "example.com/product",
      "properties": [
        {
          "name": "kanonarion:ecosystem",
          "value": "go"
        },
        {
          "name": "kanonarion:pipeline_version",
          "value": "0.10.0"
        }
      ],
      "purl": "pkg:golang/example.com/product@v1.4.0",
      "type": "library",
      "version": "v1.4.0"
    }
  ],
  "dependencies": [
    {
      "ref": "pkg:golang/example.com/product@v1.4.0"
    }
  ],
  "metadata": {
    "component": {
      "bom-ref": "pkg:golang/example.com/product@v1.4.0",
      "copyright": "Copyright (c) 2026 Example Product Authors",
      "licenses": [
        {
          "license": {
            "id": "MIT"
          }
        }
      ],
      "name": "example.com/product",
      "properties": [
        {
          "name": "kanonarion:ecosystem",
          "value": "go"
        },
        {
          "name": "kanonarion:pipeline_version",
          "value": "0.10.0"
        }
      ],
      "purl": "pkg:golang/example.com/product@v1.4.0",
      "type": "library",
      "version": "v1.4.0"
    },
    "properties": [
      {
        "name": "kanonarion:document:timestamp_basis",
        "value": "derived: newest licence extraction time among this document's inputs; no creation time was supplied, and this generator reads no clock"
      },
      {
        "name": "kanonarion:licence:newest_extraction",
        "value": "2026-02-03T11:30:00Z"
      }
    ],
    "timestamp": "2026-02-03T11:30:00Z",
    "tools": {
      "components": [
        {
          "name": "kanonarion",
          "type": "application",
          "version": "0.10.0"
        }
      ]
    }
  },
  "serialNumber": "urn:uuid:a00941e7-7729-c734-fa57-e121cc7ae537",
  "specVersion": "1.6",
  "version": 1
}
--- stderr ---
(empty)
