# populated: the walk's verification aggregate, composed from one fetch record per node — including the go.mod-only module, which has no zip to verify.
$ kanonarion verification-coverage 01ARZ3NDEKTSV4RRFFQ69G5FAV --json
exit 0
--- stdout ---
{
  "walk_id": "01ARZ3NDEKTSV4RRFFQ69G5FAV",
  "total": 4,
  "recorded": 4,
  "cross_verifiable": 3,
  "cross_verified": 2,
  "cross_verified_module_path_url": 0,
  "cross_verified_proxy_named_url": 0,
  "cross_verified_binding_unrecorded": 2,
  "checksum_db_only": 1,
  "go_sum_only": 0,
  "unverified": 0,
  "local_source": 0,
  "unrecorded": 0,
  "unrecognised": 0,
  "divergent": 1,
  "collapsed": false,
  "shares": {
    "cross_verified": 50,
    "cross_verified_module_path_url_of_cross_verified": 0,
    "cross_verified_proxy_named_url_of_cross_verified": 0,
    "checksum_db_only": 25,
    "go_sum_only": 0,
    "unverified": 0,
    "local_source": 0,
    "unrecorded": 0,
    "unrecognised": 0,
    "divergent": 25,
    "cross_verified_of_applicable": 66.7
  },
  "vcs": {
    "rechecked": 2,
    "inherited": 0,
    "never": 1,
    "not_measured": 0,
    "unavailable": 0
  },
  "build": {
    "vendoring_known": false,
    "vendored": false,
    "goos": "",
    "goarch": "",
    "go_version": ""
  },
  "modules": [
    {
      "coordinate": "example.com/app@v1.0.0",
      "path": "example.com/app",
      "version": "v1.0.0",
      "class": "cross-verified (checksum db + VCS)",
      "status": "Verified"
    },
    {
      "coordinate": "example.com/clean@v1.0.0",
      "path": "example.com/clean",
      "version": "v1.0.0",
      "class": "cross-verified (checksum db + VCS)",
      "status": "Verified"
    },
    {
      "coordinate": "example.com/mod@v1.2.0",
      "path": "example.com/mod",
      "version": "v1.2.0",
      "class": "divergent fetch records",
      "reason": "divergent fetch records for example.com/mod@v1.2.0 at pipeline 0.4.0: module_hash disagrees ([h1:3IvVk0RhFj+2ByrMSiZ8R9Zi8RQYOGgRkIQ2mO6rqo4= h1:e3OmvJfFGN8zHyBHMYyERM362zguHcEOgGGgZ+9xR6A=]; records [sha256:7d32329c81baae26c4105ad8e69fd5cf7a7ee6ec8d3191c4608d507d489ca889 sha256:2664c06163e8d0f71d84b26c55403ff5e721d89aa20d54653a741dccf10c5631])"
    },
    {
      "coordinate": "example.com/shallow@v1.0.0",
      "path": "example.com/shallow",
      "version": "v1.0.0",
      "class": "checksum database only",
      "status": "VerifiedBySumDBOnly"
    }
  ]
}
--- stderr ---
(empty)
