# populated: the later run, which pinned three modules against the second snapshot — one affected, one clean, one unscannable.
$ kanonarion vuln-scan-show 01JSCANRUN0GOLDEN00000002 --json
exit 0
--- stdout ---
{
  "id": "01JSCANRUN0GOLDEN00000002",
  "walk_id": "01ARZ3NDEKTSV4RRFFQ69G5FAV",
  "build": {
    "goos": "",
    "goarch": "",
    "go_version": ""
  },
  "snapshot": {
    "source": "govulndb",
    "version": "v2026-02-14T00-00-00",
    "retrieved_at": "2026-02-14T00:00:00Z",
    "content_hash": "sha256:f8f3e08ea8c5a10193a6767cfea29261ea9eb06896fb30c5cf61327d1c6d7f47"
  },
  "per_module_results": {
    "example.com/clean@v1.0.0": "sha256:54d50d2601a90f9ec385ef2ced0e943f8af3075369d28c396ddfa9b5475d82af",
    "example.com/mod@v1.2.0": "sha256:b33942f4a280ca91055d14f058b26a7ea7e997b67facaa27129ed9d9865adf25",
    "example.com/shallow@v1.0.0": "sha256:a622c385892c679b578924b8be775ea4ccc00e92bb20c00302c2c2b82ba4cf9e"
  },
  "started_at": "2026-02-20T09:00:00Z",
  "completed_at": "2026-02-20T09:00:01Z",
  "overall_status": "Affected",
  "pipeline_version": "v25",
  "operator": "fixture",
  "content_hash": "sha256:90aceb424a5282e22fa12419d2ad07f43681f4ff281a8cc17858a1d3a20807ef",
  "affected_modules": [
    {
      "coordinate": "example.com/mod@v1.2.0",
      "status": "Affected",
      "findings": [
        {
          "id": "GO-2026-0001",
          "aliases": [
            "CVE-2026-00001"
          ],
          "summary": "example vulnerability in example.com/mod",
          "affected_range": "\u003cv1.3.0",
          "fixed_in": "v1.3.0",
          "affected_symbols": [
            "Parse"
          ],
          "reachable": {
            "is_reachable": true,
            "confidence": "High",
            "routes": [
              [
                {
                  "module_path": "example.com/app",
                  "package": "example.com/app",
                  "symbol": "main",
                  "dispatch": {
                    "kind": "route-entry",
                    "reason": "this is the route's first hop: no hop above it, so there is no call site to read"
                  }
                },
                {
                  "module_path": "example.com/mod",
                  "module_version": "v1.2.0",
                  "package": "example.com/mod",
                  "symbol": "Handle",
                  "dispatch": {
                    "kind": "not-annotated",
                    "reason": "no call graph is held for example.com/app@local, the module this call site is in, so there is no edge to read; the route stands as the analyser reported it",
                    "graph": "example.com/app@local"
                  }
                },
                {
                  "module_path": "example.com/mod",
                  "module_version": "v1.2.0",
                  "package": "example.com/mod",
                  "symbol": "Parse",
                  "dispatch": {
                    "kind": "interface",
                    "confidence": "CHA-overapprox",
                    "graph": "example.com/mod@v1.2.0",
                    "graph_completeness": "BUILT_WITH_BODIES",
                    "call_site": "handle.go:42",
                    "interface": "example.com/mod.Parser",
                    "implementation_module": "example.com/mod",
                    "implementers": 3,
                    "implementers_query": "kanonarion implementers 'example.com/mod.Parser'"
                  }
                }
              ]
            ],
            "derived_by": {
              "analyser": "govulncheck",
              "fidelity": "source",
              "rooting": "target-rooted"
            }
          },
          "references": [
            {
              "type": "ADVISORY",
              "url": "https://example.com/advisories/GO-2026-0001"
            }
          ],
          "published_at": "2026-01-05T00:00:00Z",
          "modified_at": "2026-01-06T00:00:00Z",
          "reachability_state": "reachable",
          "soundness": "not stated",
          "route_root": {
            "kind": "unrooted",
            "reason": "the route's entry point is in example.com/app, which names no version on the frame and is not the module the analysis frame identifies, so no call graph can be located for it",
            "closure_rooted": false
          }
        },
        {
          "id": "GO-2026-0002",
          "aliases": [
            "CVE-2026-00002"
          ],
          "summary": "withdrawn advisory for example.com/mod",
          "affected_range": "\u003cv1.3.0",
          "fixed_in": "v1.3.0",
          "affected_symbols": [
            "Parse"
          ],
          "references": [
            {
              "type": "ADVISORY",
              "url": "https://example.com/advisories/GO-2026-0001"
            }
          ],
          "published_at": "2026-01-05T00:00:00Z",
          "modified_at": "2026-01-06T00:00:00Z",
          "withdrawn_at": "2026-02-10T00:00:00Z",
          "reachability_state": "withdrawn",
          "soundness": "not stated",
          "route_root": null
        },
        {
          "id": "GO-2026-0003",
          "aliases": [
            "CVE-2026-00003"
          ],
          "summary": "unreached advisory for example.com/mod",
          "affected_range": "\u003cv1.3.0",
          "fixed_in": "v1.3.0",
          "affected_symbols": [
            "parseInternal"
          ],
          "reachable": {
            "is_reachable": false,
            "confidence": "High",
            "derived_by": {
              "analyser": "govulncheck",
              "fidelity": "source",
              "rooting": "target-rooted"
            }
          },
          "references": [
            {
              "type": "ADVISORY",
              "url": "https://example.com/advisories/GO-2026-0001"
            }
          ],
          "published_at": "2026-01-05T00:00:00Z",
          "modified_at": "2026-01-06T00:00:00Z",
          "reachability_state": "not_reachable",
          "soundness": "confirmed",
          "soundness_reason": "a call-graph search ran over a graph built with function bodies and found no path from an entry point to the vulnerable symbol, rooted at the 3 entry points the analysis can name — the public API, package init and the process entry point; the graph is Application. Separately, rooting the whole graph — every function the module ships, on the premise that an application is entered in ways no static analysis enumerates — DOES reach the vulnerable symbol. That is a different claim from this one, made from roots nothing established are entered, and it is stated so the reader can weigh it rather than discover it later",
          "route_root": null
        },
        {
          "id": "GO-2026-0004",
          "aliases": [
            "CVE-2026-00004"
          ],
          "summary": "advisory naming a symbol this build does not hold",
          "affected_range": "\u003cv1.3.0",
          "fixed_in": "v1.3.0",
          "affected_symbols": [
            "neverDeclared"
          ],
          "reachable": {
            "is_reachable": false,
            "confidence": "High",
            "derived_by": {
              "analyser": "govulncheck",
              "fidelity": "source",
              "rooting": "target-rooted"
            }
          },
          "references": [
            {
              "type": "ADVISORY",
              "url": "https://example.com/advisories/GO-2026-0001"
            }
          ],
          "published_at": "2026-01-05T00:00:00Z",
          "modified_at": "2026-01-06T00:00:00Z",
          "reachability_state": "not_reachable",
          "soundness": "inferred",
          "soundness_reason": "govulncheck analysed this build from source and reported no route to the vulnerable symbol; the negative reads that silence, not a search over a call graph that ran and came back empty. No call-graph search stands behind this rung: the stored call graph for example.com/mod@v1.2.0 holds none of the symbols the advisory names (neverDeclared), so there was nothing in it to search for",
          "route_root": null
        }
      ]
    }
  ],
  "superseded": false,
  "reads_pipeline_version": "v25",
  "native_coverage": {
    "unsearched": [],
    "unidentified": [],
    "not_examined": 4,
    "components": 0
  }
}
--- stderr ---
(empty)
