# the ZERO for walk-diff: a walk compared with itself reports nothing changed.
$ kanonarion walk-diff 01ARZ3NDEKTSV4RRFFQ69G5FAV 01ARZ3NDEKTSV4RRFFQ69G5FAV --json
exit 0
--- stdout ---
{
  "walk_a": "01ARZ3NDEKTSV4RRFFQ69G5FAV",
  "walk_b": "01ARZ3NDEKTSV4RRFFQ69G5FAV",
  "added": [],
  "removed": [],
  "upgraded": [],
  "status_changed": [],
  "license_regressions": [],
  "new_reachable_cves": [],
  "no_difference": {
    "statement": "no difference: both arguments name the same walk, so this compared it with itself",
    "walk_a": "01ARZ3NDEKTSV4RRFFQ69G5FAV",
    "walk_b": "01ARZ3NDEKTSV4RRFFQ69G5FAV",
    "frame_a": "not-platform-scoped",
    "frame_a_basis": "not_platform_scoped",
    "frame_b": "not-platform-scoped",
    "frame_b_basis": "not_platform_scoped",
    "nodes_a": 4,
    "nodes_b": 4,
    "same_walk": true
  }
}
--- stderr ---
(empty)
